     Assembly listing for: 17.mas
                Assembled: Mon Oct 24 15:26:44 CST 2022

         |           ORG 100             
100 1109 |  While    LOAD X              
101 410B |           SUBT Ten            
102 8000 |           SKIPCOND 000        
103 9108 |           JUMP Endwhile       
104 1109 |           LOAD X              
105 310A |           ADD One             
106 2109 |           STORE X             
107 9100 |           JUMP While          
108 7000 |  Endwhile HALT                
109 0001 |  X        DEC 1               
10A 0001 |  One      DEC 1               
10B 000A |  Ten      DEC 10              

Assembly successful.

         SYMBOL TABLE
         ----------------------------------------------------
          Symbol   | Defined | References 
         ----------+---------+-------------------------------
          Endwhile |   108   | 103
          One      |   10A   | 105
          Ten      |   10B   | 101
          While    |   100   | 107
          X        |   109   | 100, 104, 106
         ----------------------------------------------------

