     Assembly listing for: 19.mas
                Assembled: Mon Oct 24 15:34:45 CST 2022

         |         ORG 100           
100 110F |         LOAD Y            
101 210D |         STORE Cnt         
102 1110 |  Mul    LOAD Sum          
103 310E |         ADD X             
104 2110 |         STORE Sum         
105 110D |         LOAD Cnt          
106 4111 |         SUBT One          
107 210D |         STORE Cnt         
108 8400 |         SKIPCOND 400      
109 9102 |         JUMP Mul          
10A 1110 |         LOAD Sum          
10B 6000 |         OUTPUT            
10C 7000 |         HALT              
10D 0000 |  Cnt    DEC 0             
10E 0005 |  X      DEC 5             
10F 0006 |  Y      DEC 6             
110 0000 |  Sum    DEC 0             
111 0001 |  One    DEC 1             
         |         END               

Assembly successful.

         SYMBOL TABLE
         --------------------------------------------------
          Symbol | Defined | References 
         --------+---------+-------------------------------
          Cnt    |   10D   | 101, 105, 107
          Mul    |   102   | 109
          One    |   111   | 106
          Sum    |   110   | 102, 104, 10A
          X      |   10E   | 103
          Y      |   10F   | 100
         --------------------------------------------------

